Solo Set
Against the Wind - Bob Seger
Boys of Summer - Don Henley / Ataris
Crash - Dave Matthews Band
Don't Stop Believing - Journey
Everything You Want - Vertical Horizon
Free - Train
Good Riddance - Green Day
Hotel California - The Eagles
I Am - Train
Jumper - Third Eye Blind
Little Black Submarines - Black Keys
Norwegian Wood - The Beatles
Nights in White Satin - Moody Blues
Old Man - Neil Young
Plush acoustic - Stone Temple Pilots
Simple Man - Shinedown
Take it Easy - The Eagles
Thunder Road - Bruce Springsteen
Times Like These (acoustic) - Foo Fighters
Wanted Dead or Alive - Bon Jovi
Vienna - Billy Joel
You've Got to Hide Your Love - The Beatles
You and Me - Lifehouse
The Weight - The Band
Aint' No Sunshine - Bill Withers
Atlantic City - Bruce Springsteen
Band on the Run - Paul McCartney and Wings
Behind Blue Eyes - The Who
Blue Suede Shoes - Elvis Presley
Brandy - Looking Glass
Doctor My Eyes - Jackson Browne
Folsom Prison Blues - Johnny Cash
Hold Each Other - Great Big World
Hound Dog - Elvis Presley
I Will Survive - Cake
Keep your hands to yourself - Georgia Satellites
